<?xml version="1.0" encoding="UTF-8"?>
<testsuites name="jest tests" tests="1" failures="0" errors="0" time="1.487">
  <testsuite name="undefined" errors="0" failures="0" skipped="0" timestamp="2026-04-10T05:29:31" time="0.555" tests="1">
    <testcase classname=" renders title" name=" renders title" time="0.018">
    </testcase>
  </testsuite>
</testsuites>